// Jest Snapshot v1, https://goo.gl/fbAQLP

exports[`<Button /> should match snapshot 1`] = `
<div
  id="button-container"
>
  <button>
    mais posts
  </button>
</div>
`;
