// Jest Snapshot v1, https://goo.gl/fbAQLP

exports[`<PostCard /> should match snapshot 1`] = `
<div
  class="post-card"
>
  <img
    alt="title example"
    src="img/img.png"
  />
  <h2>
    title example
  </h2>
  <p>
    paragrafo
  </p>
</div>
`;
