// Jest Snapshot v1, https://goo.gl/fbAQLP

exports[`<TextInput /> should match snapshot 1`] = `
<label
  for="search"
  id="label-search-container"
>
  <h1>
    Search
     : 
  </h1>
  <input
    id="search"
    placeholder="Type your search"
    type="search"
    value=""
  />
</label>
`;
